
 RUN  v4.0.18 E:/disqueria-front-react

 ✓ src/tests/components/ui/Toast.test.tsx (5 tests) 344ms
 ✓ src/tests/components/ui/Button.test.tsx (6 tests) 446ms
 ✓ src/tests/components/ui/ConfirmationModal.test.tsx (6 tests) 386ms
 ✓ src/tests/pages/RegisterPage.test.tsx (3 tests) 402ms
 ✓ src/tests/pages/LoginPage.test.tsx (3 tests) 410ms
 ❯ src/tests/pages/CatalogPage.test.tsx (3 tests | 1 failed) 1116ms
     × renders catalogs of artists and albums 1055ms
     ✓ filters artists 29ms
     ✓ can open create artist modal 28ms
 ❯ src/tests/components/catalog/CreateAlbumModal.test.tsx (5 tests | 1 failed) 1553ms
     ✓ does not render when closed 31ms
     ✓ renders form elements 76ms
     ✓ allows valid submission 290ms
     ✓ pre-selects artist if preSelectedArtistId is provided 61ms
     × validates numeric fields 1093ms
 ✓ src/tests/components/ui/Input.test.tsx (6 tests) 389ms
 ✓ src/tests/components/ui/LanguageSwitcher.test.tsx (2 tests) 237ms
stderr | src/tests/components/catalog/CreateArtistModal.test.tsx > CreateArtistModal > handles API error
Failed to create artist Error: Failed
    at E:/disqueria-front-react/src/tests/components/catalog/CreateArtistModal.test.tsx:59:49
    at [90mfile:///E:/disqueria-front-react/[39mnode_modules/[4m@vitest[24m/runner/dist/index.js:145:11
    at [90mfile:///E:/disqueria-front-react/[39mnode_modules/[4m@vitest[24m/runner/dist/index.js:915:26
    at [90mfile:///E:/disqueria-front-react/[39mnode_modules/[4m@vitest[24m/runner/dist/index.js:1243:20
    at new Promise (<anonymous>)
    at runWithTimeout [90m(file:///E:/disqueria-front-react/[39mnode_modules/[4m@vitest[24m/runner/dist/index.js:1209:10[90m)[39m
    at [90mfile:///E:/disqueria-front-react/[39mnode_modules/[4m@vitest[24m/runner/dist/index.js:1653:37
    at Traces.$ [90m(file:///E:/disqueria-front-react/[39mnode_modules/[4mvitest[24m/dist/chunks/traces.CCmnQaNT.js:142:27[90m)[39m
    at trace [90m(file:///E:/disqueria-front-react/[39mnode_modules/[4mvitest[24m/dist/chunks/test.B8ej_ZHS.js:239:21[90m)[39m
    at runTest [90m(file:///E:/disqueria-front-react/[39mnode_modules/[4m@vitest[24m/runner/dist/index.js:1653:12[90m)[39m

 ✓ src/tests/components/catalog/CreateArtistModal.test.tsx (4 tests) 148ms
stderr | src/tests/pages/OrdersPage.test.tsx > OrdersPage > handles loading state
An update to OrdersPage inside a test was not wrapped in act(...).

When testing, code that causes React state updates should be wrapped into act(...):

act(() => {
  /* fire events that update state */
});
/* assert on the output */

This ensures that you're testing the behavior the user would see in the browser. Learn more at https://react.dev/link/wrap-tests-with-act
An update to OrdersPage inside a test was not wrapped in act(...).

When testing, code that causes React state updates should be wrapped into act(...):

act(() => {
  /* fire events that update state */
});
/* assert on the output */

This ensures that you're testing the behavior the user would see in the browser. Learn more at https://react.dev/link/wrap-tests-with-act
An update to OrdersPage inside a test was not wrapped in act(...).

When testing, code that causes React state updates should be wrapped into act(...):

act(() => {
  /* fire events that update state */
});
/* assert on the output */

This ensures that you're testing the behavior the user would see in the browser. Learn more at https://react.dev/link/wrap-tests-with-act

 ✓ src/tests/pages/OrdersPage.test.tsx (3 tests) 127ms
 ✓ src/tests/context/AuthContext.test.tsx (4 tests) 92ms
 ✓ src/tests/context/ToastContext.test.tsx (3 tests) 86ms
 ✓ src/tests/components/ProtectedRoute.test.tsx (2 tests) 57ms
 ✓ src/tests/api/catalog.test.ts (4 tests) 7ms
 ✓ src/tests/api/auth.test.ts (2 tests) 6ms
 ✓ src/tests/api/orders.test.ts (2 tests) 6ms
 ✓ src/tests/api/users.test.ts (1 test) 5ms

⎯⎯⎯⎯⎯⎯⎯ Failed Tests 2 ⎯⎯⎯⎯⎯⎯⎯

 FAIL  src/tests/pages/CatalogPage.test.tsx > CatalogPage > renders catalogs of artists and albums
TestingLibraryElementError: Unable to find an element with the text: Album 1. This could be because the text is broken up by multiple elements. In this case, you can provide a function for your text matcher to make your matcher more flexible.

Ignored nodes: comments, script, style
[36m<body>[39m
  [36m<div>[39m
    [36m<div[39m
      [33mclass[39m=[32m"space-y-8"[39m
    [36m>[39m
      [36m<div[39m
        [33mclass[39m=[32m"flex flex-col sm:flex-row justify-between items-start sm:items-center gap-4"[39m
      [36m>[39m
        [36m<div>[39m
          [36m<h1[39m
            [33mclass[39m=[32m"text-3xl font-bold text-white mb-2"[39m
          [36m>[39m
            [0mcatalog.title[0m
          [36m</h1>[39m
          [36m<p[39m
            [33mclass[39m=[32m"text-gray-400"[39m
          [36m>[39m
            [0mcatalog.subtitle[0m
          [36m</p>[39m
        [36m</div>[39m
        [36m<div[39m
          [33mclass[39m=[32m"flex gap-3"[39m
        [36m>[39m
          [36m<button[39m
            [33mclass[39m=[32m"inline-flex items-center justify-center rounded-lg font-medium transition-colors focus:outline-none focus:ring-2 focus:ring-offset-2 disabled:opacity-50 disabled:pointer-events-none bg-primary-600 text-white hover:bg-primary-700 focus:ring-primary-500 h-8 px-3 text-sm "[39m
          [36m>[39m
            [36m<svg[39m
              [33maria-hidden[39m=[32m"true"[39m
              [33mclass[39m=[32m"lucide lucide-plus w-4 h-4 mr-2"[39m
              [33mfill[39m=[32m"none"[39m
              [33mheight[39m=[32m"24"[39m
              [33mstroke[39m=[32m"currentColor"[39m
              [33mstroke-linecap[39m=[32m"round"[39m
              [33mstroke-linejoin[39m=[32m"round"[39m
              [33mstroke-width[39m=[32m"2"[39m
              [33mviewBox[39m=[32m"0 0 24 24"[39m
              [33mwidth[39m=[32m"24"[39m
              [33mxmlns[39m=[32m"http://www.w3.org/2000/svg"[39m
            [36m>[39m
              [36m<path[39m
                [33md[39m=[32m"M5 12h14"[39m
              [36m/>[39m
              [36m<path[39m
                [33md[39m=[32m"M12 5v14"[39m
              [36m/>[39m
            [36m</svg>[39m
            [0m [0m
            [0mcatalog.addArtist[0m
          [36m</button>[39m
          [36m<button[39m
            [33mclass[39m=[32m"inline-flex items-center justify-center rounded-lg font-medium transition-colors focus:outline-none focus:ring-2 focus:ring-offset-2 disabled:opacity-50 disabled:pointer-events-none bg-primary-600 text-white hover:bg-primary-700 focus:ring-primary-500 h-8 px-3 text-sm "[39m
          [36m>[39m
            [36m<svg[39m
              [33maria-hidden[39m=[32m"true"[39m
              [33mclass[39m=[32m"lucide lucide-plus w-4 h-4 mr-2"[39m
              [33mfill[39m=[32m"none"[39m
              [33mheight[39m=[32m"24"[39m
              [33mstroke[39m=[32m"currentColor"[39m
              [33mstroke-linecap[39m=[32m"round"[39m
              [33mstroke-linejoin[39m=[32m"round"[39m
              [33mstroke-width[39m=[32m"2"[39m
              [33mviewBox[39m=[32m"0 0 24 24"[39m
              [33mwidth[39m=[32m"24"[39m
              [33mxmlns[39m=[32m"http://www.w3.org/2000/svg"[39m
            [36m>[39m
              [36m<path[39m
                [33md[39m=[32m"M5 12h14"[39m
              [36m/>[39m
              [36m<path[39m
                [33md[39m=[32m"M12 5v14"[39m
              [36m/>[39m
            [36m</svg>[39m
            [0m [0m
            [0mcatalog.addAlbum[0m
          [36m</button>[39m
        [36m</div>[39m
      [36m</div>[39m
      [36m<div[39m
        [33mclass[39m=[32m"relative"[39m
      [36m>[39m
        [36m<div[39m
          [33mclass[39m=[32m"relative"[39m
        [36m>[39m
          [36m<svg[39m
            [33maria-hidden[39m=[32m"true"[39m
            [33mclass[39m=[32m"lucide lucide-search absolute left-3 top-1/2 -translate-y-1/2 w-5 h-5 text-gray-400"[39m
            [33mfill[39m=[32m"none"[39m
            [33mheight[39m=[32m"24"[39m
            [33mstroke[39m=[32m"currentColor"[39m
            [33mstroke-linecap[39m=[32m"round"[39m
            [33mstroke-linejoin[39m=[32m"round"[39m
            [33mstroke-width[39m=[32m"2"[39m
            [33mviewBox[39m=[32m"0 0 24 24"[39m
            [33mwidth[39m=[32m"24"[39m
            [33mxmlns[39m=[32m"http://www.w3.org/2000/svg"[39m
          [36m>[39m
            [36m<path[39m
              [33md[39m=[32m"m21 21-4.34-4.34"[39m
            [36m/>[39m
            [36m<circle[39m
              [33mcx[39m=[32m"11"[39m
              [33mcy[39m=[32m"11"[39m
              [33mr[39m=[32m"8"[39m
            [36m/>[39m
          [36m</svg>[39m
          [36m<input[39m
            [33mclass[39m=[32m"w-full pl-10 pr-10 py-3 bg-slate-900/50 border border-white/10 rounded-lg text-white placeholder-gray-500 focus:outline-none focus:border-primary-500/50 focus:ring-2 focus:ring-primary-500/20 transition-all"[39m
            [33mplaceholder[39m=[32m"catalog.searchPlaceholder"[39m
            [33mtype[39m=[32m"text"[39m
            [33mvalue[39m=[32m""[39m
          [36m/>[39m
        [36m</div>[39m
      [36m</div>[39m
      [36m<div[39m
        [33mclass[39m=[32m"grid grid-cols-1 md:grid-cols-2 lg:grid-cols-3 gap-6"[39m
      [36m>[39m
        [36m<div[39m
          [33mclass[39m=[32m"bg-slate-900/50 border border-white/5 rounded-xl overflow-hidden hover:border-primary-500/30 transition-all hover:bg-slate-900/80 group"[39m
        [36m>[39m
          [36m<div[39m
            [33mclass[39m=[32m"p-4 border-b border-white/5 bg-gradient-to-r from-white/5 to-transparent flex items-center justify-between"[39m
          [36m>[39m
            [36m<div[39m
              [33mclass[39m=[32m"flex items-center gap-2"[39m
            [36m>[39m
              [36m<h3[39m
                [33mclass[39m=[32m"text-lg font-bold text-white flex items-center gap-2"[39m
              [36m>[39m
                [36m<svg[39m
                  [33maria-hidden[39m=[32m"true"[39m
                  [33mclass[39m=[32m"lucide lucide-music w-4 h-4 text-primary-500"[39m
                  [33mfill[39m=[32m"none"[39m
                  [33mheight[39m=[32m"24"[39m
                  [33mstroke[39m=[32m"currentColor"[39m
                  [33mstroke-linecap[39m=[32m"round"[39m
                  [33mstroke-linejoin[39m=[32m"round"[39m
                  [33mstroke-width[39m=[32m"2"[39m
                  [33mviewBox[39m=[32m"0 0 24 24"[39m
                  [33mwidth[39m=[32m"24"[39m
                  [33mxmlns[39m=[32m"http://www.w3.org/2000/svg"[39m
                [36m>[39m
                  [36m<path[39m
                    [33md[39m=[32m"M9 18V5l12-2v13"[39m
                  [36m/>[39m
                  [36m<circle[39m
                    [33mcx[39m=[32m"6"[39m
                    [33mcy[39m=[32m"18"[39m
                    [33mr[39m=[32m"3"[39m
                  [36m/>[39m
                  [36m<circle[39m
                    [33mcx[39m=[32m"18"[39m
                    [33mcy[39m=[32m"16"[39m
                    [33mr[39m=[32m"3"[39m
                  [36m/>[39m
                [36m</svg>[39m
                [0mArtist 1[0m
              [36m</h3>[39m
              [36m<span[39m
                [33mclass[39m=[32m"text-[10px] font-medium text-gray-500 bg-white/5 px-1.5 py-0.5 rounded-full"[39m
              [36m>[39m
                [0mUS[0m
              [36m</span>[39m
            [36m</div>[39m
            [36m<button[39m
              [33mclass[39m=[32m"inline-flex items-center justify-center rounded-lg font-medium transition-colors focus:outline-none focus:ring-2 focus:ring-offset-2 disabled:opacity-50 disabled:pointer-events-none bg-transparent text-gray-300 hover:text-white hover:bg-white/10 h-8 px-3 text-sm h-7 px-2 text-xs"[39m
            [36m>[39m
              [36m<svg[39m
                [33maria-hidden[39m=[32m"true"[39m
                [33mclass[39m=[32m"lucide lucide-plus w-3 h-3 mr-1"[39m
                [33mfill[39m=[32m"none"[39m
                [33mheight[39m=[32m"24"[39m
                [33mstroke[39m=[32m"currentColor"[39m
                [33mstroke-linecap[39m=[32m"round"[39m
                [33mstroke-linejoin[39m=[32m"round"[39m
                [33mstroke-width[39m=[32m"2"[39m
                [33mviewBox[39m=[32m"0 0 24 24"[39m
                [33mwidth[39m=[32m"24"[39m
                [33mxmlns[39m=[32m"http://www.w3.org/2000/svg"[39m
              [36m>[39m
                [36m<path[39m
                  [33md[39m=[32m"M5 12h14"[39m
                [36m/>[39m
                [36m<path[39m
                  [33md[39m=[32m"M12 5v14"[39m
                [36m/>[39m
              [36m</svg>[39m
              [0m [0m
              [0mcatalog.addAlbum[0m
            [36m</button>[39m
          [36m</div>[39m
          [36m<div[39m
            [33mclass[39m=[32m"p-6 space-y-4"[39m
          [36m>[39m
            [36m<p[39m
              [33mclass[39m=[32m"text-sm text-gray-500 italic"[39m
            [36m>[39m
              [0mcatalog.noAlbums[0m
            [36m</p>[39m
          [36m</div>[39m
        [36m</div>[39m
        [36m<div[39m
          [33mclass[39m=[32m"bg-slate-900/50 border border-white/5 rounded-xl overflow-hidden hover:border-primary-500/30 transition-all hover:bg-slate-900/80 group"[39m
        [36m>[39m
          [36m<div[39m
            [33mclass[39m=[32m"p-4 border-b border-white/5 bg-gradient-to-r from-white/5 to-transparent flex items-center justify-between"[39m
          [36m>[39m
            [36m<div[39m
              [33mclass[39m=[32m"flex items-center gap-2"[39m
            [36m>[39m
              [36m<h3[39m
                [33mclass[39m=[32m"text-lg font-bold text-white flex items-center gap-2"[39m
              [36m>[39m
                [36m<svg[39m
                  [33maria-hidden[39m=[32m"true"[39m
                  [33mclass[39m=[32m"lucide lucide-music w-4 h-4 text-primary-500"[39m
                  [33mfill[39m=[32m"none"[39m
                  [33mheight[39m=[32m"24"[39m
                  [33mstroke[39m=[32m"currentColor"[39m
                  [33mstroke-linecap[39m=[32m"round"[39m
                  [33mstroke-linejoin[39m=[32m"round"[39m
                  [33mstroke-width[39m=[32m"2"[39m
                  [33mviewBox[39m=[32m"0 0 24 24"[39m
                  [33mwidth[39m=[32m"24"[39m
                  [33mxmlns[39m=[32m"http://www.w3.org/2000/svg"[39m
                [36m>[39m
                  [36m<path[39m
                    [33md[39m=[32m"M9 18V5l12-2v13"[39m
                  [36m/>[39m
                  [36m<circle[39m
                    [33mcx[39m=[32m"6"[39m
                    [33mcy[39m=[32m"18"[39m
                    [33mr[39m=[32m"3"[39m
                  [36m/>[39m
                  [36m<circle[39m
                    [33mcx[39m=[32m"18"[39m
                    [33mcy[39m=[32m"16"[39m
                    [33mr[39m=[32m"3"[39m
                  [36m/>[39m
                [36m</svg>[39m
                [0mArtist 2[0m
              [36m</h3>[39m
              [36m<span[39m
                [33mclass[39m=[32m"text-[10px] font-medium text-gray-500 bg-white/5 px-1.5 py-0.5 rounded-full"[39m
              [36m>[39m
                [0mUK[0m
              [36m</span>[39m
            [36m</div>[39m
            [36m<button[39m
              [33mclass[39m=[32m"inline-flex items-center justify-center rounded-lg font-medium transition-colors focus:outline-none focus:ring-2 focus:ring-offset-2 disabled:opacity-50 disabled:pointer-events-none bg-transparent text-gray-300 hover:text-white hover:bg-white/10 h-8 px-3 text-sm h-7 px-2 text-xs"[39m
            [36m>[39m
              [36m<svg[39m
                [33maria-hidden[39m=[32m"true"[39m
                [33mclass[39m=[32m"lucide lucide-plus w-3 h-3 mr-1"[39m
                [33mfill[39m=[32m"none"[39m
                [33mheight[39m=[32m"24"[39m
                [33mstroke[39m=[32m"currentColor"[39m
                [33mstroke-linecap[39m=[32m"round"[39m
                [33mstroke-linejoin[39m=[32m"round"[39m
                [33mstroke-width[39m=[32m"2"[39m
                [33mviewBox[39m=[32m"0 0 24 24"[39m
                [33mwidth[39m=[32m"24"[39m
                [33mxmlns[39m=[32m"http://www.w3.org/2000/svg"[39m
              [36m>[39m
                [36m<path[39m
                  [33md[39m=[32m"M5 12h14"[39m
                [36m/>[39m
                [36m<path[39m
                  [33md[39m=[32m"M12 5v14"[39m
                [36m/>[39m
              [36m</svg>[39m
              [0m [0m
              [0mcatalog.addAlbum[0m
            [36m</button>[39m
          [36m</div>[39m
          [36m<div[39m
            [33mclass[39m=[32m"p-6 space-y-4"[39m
          [36m>[39m
            [36m<p[39m
              [33mclass[39m=[32m"text-sm text-gray-500 italic"[39m
            [36m>[39m
              [0mcatalog.noAlbums[0m
            [36m</p>[39m
          [36m</div>[39m
        [36m</div>[39m
      [36m</div>[39m
    [36m</div>[39m
  [36m</div>[39m
[36m</body>[39m

Ignored nodes: comments, script, style
[36m<html>[39m
  [36m<head />[39m
  [36m<body>[39m
    [36m<div>[39m
      [36m<div[39m
        [33mclass[39m=[32m"space-y-8"[39m
      [36m>[39m
        [36m<div[39m
          [33mclass[39m=[32m"flex flex-col sm:flex-row justify-between items-start sm:items-center gap-4"[39m
        [36m>[39m
          [36m<div>[39m
            [36m<h1[39m
              [33mclass[39m=[32m"text-3xl font-bold text-white mb-2"[39m
            [36m>[39m
              [0mcatalog.title[0m
            [36m</h1>[39m
            [36m<p[39m
              [33mclass[39m=[32m"text-gray-400"[39m
            [36m>[39m
              [0mcatalog.subtitle[0m
            [36m</p>[39m
          [36m</div>[39m
          [36m<div[39m
            [33mclass[39m=[32m"flex gap-3"[39m
          [36m>[39m
            [36m<button[39m
              [33mclass[39m=[32m"inline-flex items-center justify-center rounded-lg font-medium transition-colors focus:outline-none focus:ring-2 focus:ring-offset-2 disabled:opacity-50 disabled:pointer-events-none bg-primary-600 text-white hover:bg-primary-700 focus:ring-primary-500 h-8 px-3 text-sm "[39m
            [36m>[39m
              [36m<svg[39m
                [33maria-hidden[39m=[32m"true"[39m
                [33mclass[39m=[32m"lucide lucide-plus w-4 h-4 mr-2"[39m
                [33mfill[39m=[32m"none"[39m
                [33mheight[39m=[32m"24"[39m
                [33mstroke[39m=[32m"currentColor"[39m
                [33mstroke-linecap[39m=[32m"round"[39m
                [33mstroke-linejoin[39m=[32m"round"[39m
                [33mstroke-width[39m=[32m"2"[39m
                [33mviewBox[39m=[32m"0 0 24 24"[39m
                [33mwidth[39m=[32m"24"[39m
                [33mxmlns[39m=[32m"http://www.w3.org/2000/svg"[39m
              [36m>[39m
                [36m<path[39m
                  [33md[39m=[32m"M5 12h14"[39m
                [36m/>[39m
                [36m<path[39m
                  [33md[39m=[32m"M12 5v14"[39m
                [36m/>[39m
              [36m</svg>[39m
              [0m [0m
              [0mcatalog.addArtist[0m
            [36m</button>[39m
            [36m<button[39m
              [33mclass[39m=[32m"inline-flex items-center justify-center rounded-lg font-medium transition-colors focus:outline-none focus:ring-2 focus:ring-offset-2 disabled:opacity-50 disabled:pointer-events-none bg-primary-600 text-white hover:bg-primary-700 focus:ring-primary-500 h-8 px-3 text-sm "[39m
            [36m>[39m
              [36m<svg[39m
                [33maria-hidden[39m=[32m"true"[39m
                [33mclass[39m=[32m"lucide lucide-plus w-4 h-4 mr-2"[39m
                [33mfill[39m=[32m"none"[39m
                [33mheight[39m=[32m"24"[39m
                [33mstroke[39m=[32m"currentColor"[39m
                [33mstroke-linecap[39m=[32m"round"[39m
                [33mstroke-linejoin[39m=[32m"round"[39m
                [33mstroke-width[39m=[32m"2"[39m
                [33mviewBox[39m=[32m"0 0 24 24"[39m
                [33mwidth[39m=[32m"24"[39m
                [33mxmlns[39m=[32m"http://www.w3.org/2000/svg"[39m
              [36m>[39m
                [36m<path[39m
                  [33md[39m=[32m"M5 12h14"[39m
                [36m/>[39m
                [36m<path[39m
                  [33md[39m=[32m"M12 5v14"[39m
                [36m/>[39m
              [36m</svg>[39m
              [0m [0m
              [0mcatalog.addAlbum[0m
            [36m</button>[39m
          [36m</div>[39m
        [36m</div>[39m
        [36m<div[39m
          [33mclass[39m=[32m"relative"[39m
        [36m>[39m
          [36m<div[39m
            [33mclass[39m=[32m"relative"[39m
          [36m>[39m
            [36m<svg[39m
              [33maria-hidden[39m=[32m"true"[39m
              [33mclass[39m=[32m"lucide lucide-search absolute left-3 top-1/2 -translate-y-1/2 w-5 h-5 text-gray-400"[39m
              [33mfill[39m=[32m"none"[39m
              [33mheight[39m=[32m"24"[39m
              [33mstroke[39m=[32m"currentColor"[39m
              [33mstroke-linecap[39m=[32m"round"[39m
              [33mstroke-linejoin[39m=[32m"round"[39m
              [33mstroke-width[39m=[32m"2"[39m
              [33mviewBox[39m=[32m"0 0 24 24"[39m
              [33mwidth[39m=[32m"24"[39m
              [33mxmlns[39m=[32m"http://www.w3.org/2000/svg"[39m
            [36m>[39m
              [36m<path[39m
                [33md[39m=[32m"m21 21-4.34-4.34"[39m
              [36m/>[39m
              [36m<circle[39m
                [33mcx[39m=[32m"11"[39m
                [33mcy[39m=[32m"11"[39m
                [33mr[39m=[32m"8"[39m
              [36m/>[39m
            [36m</svg>[39m
            [36m<input[39m
              [33mclass[39m=[32m"w-full pl-10 pr-10 py-3 bg-slate-900/50 border border-white/10 rounded-lg text-white placeholder-gray-500 focus:outline-none focus:border-primary-500/50 focus:ring-2 focus:ring-primary-500/20 transition-all"[39m
              [33mplaceholder[39m=[32m"catalog.searchPlaceholder"[39m
              [33mtype[39m=[32m"text"[39m
              [33mvalue[39m=[32m""[39m
            [36m/>[39m
          [36m</div>[39m
        [36m</div>[39m
        [36m<div[39m
          [33mclass[39m=[32m"grid grid-cols-1 md:grid-cols-2 lg:grid-cols-3 gap-6"[39m
        [36m>[39m
          [36m<div[39m
            [33mclass[39m=[32m"bg-slate-900/50 border border-white/5 rounded-xl overflow-hidden hover:border-primary-500/30 transition-all hover:bg-slate-900/80 group"[39m
          [36m>[39m
            [36m<div[39m
              [33mclass[39m=[32m"p-4 border-b border-white/5 bg-gradient-to-r from-white/5 to-transparent flex items-center justify-between"[39m
            [36m>[39m
              [36m<div[39m
                [33mclass[39m=[32m"flex items-center gap-2"[39m
              [36m>[39m
                [36m<h3[39m
                  [33mclass[39m=[32m"text-lg font-bold text-white flex items-center gap-2"[39m
                [36m>[39m
                  [36m<svg[39m
                    [33maria-hidden[39m=[32m"true"[39m
                    [33mclass[39m=[32m"lucide lucide-music w-4 h-4 text-primary-500"[39m
                    [33mfill[39m=[32m"none"[39m
                    [33mheight[39m=[32m"24"[39m
                    [33mstroke[39m=[32m"currentColor"[39m
                    [33mstroke-linecap[39m=[32m"round"[39m
                    [33mstroke-linejoin[39m=[32m"round"[39m
                    [33mstroke-width[39m=[32m"2"[39m
                    [33mviewBox[39m=[32m"0 0 24 24"[39m
                    [33mwidth[39m=[32m"24"[39m
                    [33mxmlns[39m=[32m"http://www.w3.org/2000/svg"[39m
                  [36m>[39m
                    [36m<path[39m
                      [33md[39m=[32m"M9 18V5l12-2v13"[39m
                    [36m/>[39m
                    [36m<circle[39m
                      [33mcx[39m=[32m"6"[39m
                      [33mcy[39m=[32m"18"[39m
                      [33mr[39m=[32m"3"[39m
                    [36m/>[39m
                    [36m<circle[39m
                      [33mcx[39m=[32m"18"[39m
                      [33mcy[39m=[32m"16"[39m
                      [33mr[39m=[32m"3"[39m
                    [36m/>[39m
                  [36m</svg>[39m
                  [0mArtist 1[0m
                [36m</h3>[39m
                [36m<span[39m
                  [33mclass[39m=[32m"text-[10px] font-medium text-gray-500 bg-white/5 px-1.5 py-0.5 rounded-full"[39m
                [36m>[39m
                  [0mUS[0m
                [36m</span>[39m
              [36m</div>[39m
              [36m<button[39m
                [33mclass[39m=[32m"inline-flex items-center justify-center rounded-lg font-medium transition-colors focus:outline-none focus:ring-2 focus:ring-offset-2 disabled:opacity-50 disabled:pointer-events-none bg-transparent text-gray-300 hover:text-white hover:bg-white/10 h-8 px-3 text-sm h-7 px-2 text-xs"[39m
              [36m>[39m
                [36m<svg[39m
                  [33maria-hidden[39m=[32m"true"[39m
                  [33mclass[39m=[32m"lucide lucide-plus w-3 h-3 mr-1"[39m
                  [33mfill[39m=[32m"none"[39m
                  [33mheight[39m=[32m"24"[39m
                  [33mstroke[39m=[32m"currentColor"[39m
                  [33mstroke-linecap[39m=[32m"round"[39m
                  [33mstroke-linejoin[39m=[32m"round"[39m
                  [33mstroke-width[39m=[32m"2"[39m
                  [33mviewBox[39m=[32m"0 0 24 24"[39m
                  [33mwidth[39m=[32m"24"[39m
                  [33mxmlns[39m=[32m"http://www.w3.org/2000/svg"[39m
                [36m>[39m
                  [36m<path[39m
                    [33md[39m=[32m"M5 12h14"[39m
                  [36m/>[39m
                  [36m<path[39m
                    [33md[39m=[32m"M12 5v14"[39m
                  [36m/>[39m
                [36m</svg>[39m
                [0m [0m
                [0mcatalog.addAlbum[0m
              [36m</button>[39m
            [36m</div>[39m
            [36m<div[39m
              [33mclass[39m=[32m"p-6 space-y-4"[39m
            [36m>[39m
              [36m<p[39m
                [33mclass[39m=[32m"text-sm text-gray-500 italic"[39m
              [36m>[39m
                [0mcatalog.noAlbums[0m
              [36m</p>[39m
            [36m</div>[39m
          [36m</div>[39m
          [36m<div[39m
            [33mclass[39m=[32m"bg-slate-900/50 border border-white/5 rounded-xl overflow-hidden hover:border-primary-500/30 transition-all hover:bg-slate-900/80 group"[39m
          [36m>[39m
            [36m<div[39m
              [33mclass[39m=[32m"p-4 border-b border-white/5 bg-gradient-to-r from-white/5 to-transparent flex items-center justify-between"[39m
            [36m>[39m
              [36m<div[39m
                [33mclass[39m=[32m"flex items-center gap-2"[39m
              [36m>[39m
                [36m<h3[39m
                  [33mclass[39m=[32m"text-lg font-bold text-white flex items-center gap-2"[39m
                [36m>[39m
                  [36m<svg[39m
                    [33maria-hidden[39m=[32m"true"[39m
                    [33mclass[39m=[32m"lucide lucide-music w-4 h-4 text-primary-500"[39m
                    [33mfill[39m=[32m"none"[39m
                    [33mheight[39m=[32m"24"[39m
                    [33mstroke[39m=[32m"currentColor"[39m
                    [33mstroke-linecap[39m=[32m"round"[39m
                    [33mstroke-linejoin[39m=[32m"round"[39m
                    [33mstroke-width[39m=[32m"2"[39m
                    [33mviewBox[39m=[32m"0 0 24 24"[39m
                    [33mwidth[39m=[32m"24"[39m
                    [33mxmlns[39m=[32m"http://www.w3.org/2000/svg"[39m
                  [36m>[39m
                    [36m<path[39m
                      [33md[39m=[32m"M9 18V5l12-2v13"[39m
                    [36m/>[39m
                    [36m<circle[39m
                      [33mcx[39m=[32m"6"[39m
                      [33mcy[39m=[32m"18"[39m
                      [33mr[39m=[32m"3"[39m
                    [36m/>[39m
                    [36m<circle[39m
                      [33mcx[39m=[32m"18"[39m
                      [33mcy[39m=[32m"16"[39m
                      [33mr[39m=[32m"3"[39m
                    [36m/>[39m
                  [36m</svg>[39m
                  [0mArtist 2[0m
                [36m</h3>[39m
                [36m<span[39m
                  [33mclass[39m=[32m"text-[10px] font-medium text-gray-500 bg-white/5 px-1.5 py-0.5 rounded-full"[39m
                [36m>[39m
                  [0mUK[0m
                [36m</span>[39m
              [36m</div>[39m
              [36m<button[39m
                [33mclass[39m=[32m"inline-flex items-center justify-center rounded-lg font-medium transition-colors focus:outline-none focus:ring-2 focus:ring-offset-2 disabled:opacity-50 disabled:pointer-events-none bg-transparent text-gray-300 hover:text-white hover:bg-white/10 h-8 px-3 text-sm h-7 px-2 text-xs"[39m
              [36m>[39m
                [36m<svg[39m
                  [33maria-hidden[39m=[32m"true"[39m
                  [33mclass[39m=[32m"lucide lucide-plus w-3 h-3 mr-1"[39m
                  [33mfill[39m=[32m"none"[39m
                  [33mheight[39m=[32m"24"[39m
                  [33mstroke[39m=[32m"currentColor"[39m
                  [33mstroke-linecap[39m=[32m"round"[39m
                  [33mstroke-linejoin[39m=[32m"round"[39m
                  [33mstroke-width[39m=[32m"2"[39m
                  [33mviewBox[39m=[32m"0 0 24 24"[39m
                  [33mwidth[39m=[32m"24"[39m
                  [33mxmlns[39m=[32m"http://www.w3.org/2000/svg"[39m
                [36m>[39m
                  [36m<path[39m
                    [33md[39m=[32m"M5 12h14"[39m
                  [36m/>[39m
                  [36m<path[39m
                    [33md[39m=[32m"M12 5v14"[39m
                  [36m/>[39m
                [36m</svg>[39m
                [0m [0m
                [0mcatalog.addAlbum[0m
              [36m</button>[39m
            [36m</div>[39m
            [36m<div[39m
              [33mclass[39m=[32m"p-6 space-y-4"[39m
            [36m>[39m
              [36m<p[39m
                [33mclass[39m=[32m"text-sm text-gray-500 italic"[39m
              [36m>[39m
                [0mcatalog.noAlbums[0m
              [36m</p>[39m
            [36m</div>[39m
          [36m</div>[39m
        [36m</div>[39m
      [36m</div>[39m
    [36m</div>[39m
  [36m</body>[39m
[36m</html>[39m
 ❯ Proxy.waitForWrapper node_modules/@testing-library/dom/dist/wait-for.js:163:27
 ❯ src/tests/pages/CatalogPage.test.tsx:41:15
     39|         );
     40| 
     41|         await waitFor(() => {
       |               ^
     42|             expect(screen.getByText('Artist 1')).toBeInTheDocument();
     43|             expect(screen.getByText('Album 1')).toBeInTheDocument();

⎯⎯⎯⎯⎯⎯⎯⎯⎯⎯⎯⎯⎯⎯⎯⎯⎯⎯⎯⎯⎯⎯⎯⎯[1/2]⎯

 FAIL  src/tests/components/catalog/CreateAlbumModal.test.tsx > CreateAlbumModal > validates numeric fields
AssertionError: expected "vi.fn()" to be called with arguments: [ 'modals.positiveValues', 'error' ][90m

Number of calls: [1m0[22m
[39m

Ignored nodes: comments, script, style
[36m<html>[39m
  [36m<head />[39m
  [36m<body>[39m
    [36m<div>[39m
      [36m<div[39m
        [33mclass[39m=[32m"fixed inset-0 z-50 flex items-center justify-center bg-black/50 backdrop-blur-sm"[39m
      [36m>[39m
        [36m<div[39m
          [33mclass[39m=[32m"w-full max-w-md bg-slate-900 border border-white/10 rounded-xl p-6 shadow-2xl relative"[39m
        [36m>[39m
          [36m<button[39m
            [33mclass[39m=[32m"absolute top-4 right-4 text-gray-400 hover:text-white"[39m
          [36m>[39m
            [36m<svg[39m
              [33maria-hidden[39m=[32m"true"[39m
              [33mclass[39m=[32m"lucide lucide-x w-5 h-5"[39m
              [33mfill[39m=[32m"none"[39m
              [33mheight[39m=[32m"24"[39m
              [33mstroke[39m=[32m"currentColor"[39m
              [33mstroke-linecap[39m=[32m"round"[39m
              [33mstroke-linejoin[39m=[32m"round"[39m
              [33mstroke-width[39m=[32m"2"[39m
              [33mviewBox[39m=[32m"0 0 24 24"[39m
              [33mwidth[39m=[32m"24"[39m
              [33mxmlns[39m=[32m"http://www.w3.org/2000/svg"[39m
            [36m>[39m
              [36m<path[39m
                [33md[39m=[32m"M18 6 6 18"[39m
              [36m/>[39m
              [36m<path[39m
                [33md[39m=[32m"m6 6 12 12"[39m
              [36m/>[39m
            [36m</svg>[39m
          [36m</button>[39m
          [36m<h2[39m
            [33mclass[39m=[32m"text-xl font-bold mb-4 text-white"[39m
          [36m>[39m
            [0mmodals.addAlbumTitle[0m
          [36m</h2>[39m
          [36m<form[39m
            [33mclass[39m=[32m"space-y-4"[39m
          [36m>[39m
            [36m<div>[39m
              [36m<label[39m
                [33mclass[39m=[32m"block text-sm font-medium text-gray-300 mb-1"[39m
              [36m>[39m
                [0mmodals.artist[0m
              [36m</label>[39m
              [36m<select[39m
                [33mclass[39m=[32m"w-full h-10 rounded-md border border-gray-700 bg-gray-800 px-3 text-sm text-white focus:outline-none focus:ring-2 focus:ring-primary-500 disabled:opacity-50 disabled:cursor-not-allowed"[39m
                [33mrequired[39m=[32m""[39m
              [36m>[39m
                [36m<option[39m
                  [33mvalue[39m=[32m""[39m
                [36m>[39m
                  [0mmodals.selectArtist[0m
                [36m</option>[39m
                [36m<option[39m
                  [33mvalue[39m=[32m"1"[39m
                [36m>[39m
                  [0mArtist 1[0m
                [36m</option>[39m
                [36m<option[39m
                  [33mvalue[39m=[32m"2"[39m
                [36m>[39m
                  [0mArtist 2[0m
                [36m</option>[39m
              [36m</select>[39m
            [36m</div>[39m
            [36m<div[39m
              [33mclass[39m=[32m"flex flex-col gap-1.5 w-full"[39m
            [36m>[39m
              [36m<label[39m
                [33mclass[39m=[32m"text-sm font-medium text-gray-300"[39m
                [33mfor[39m=[32m"_r_c_"[39m
              [36m>[39m
                [0mmodals.albumTitle[0m
              [36m</label>[39m
              [36m<input[39m
                [33mclass[39m=[32m"flex h-10 w-full rounded-md border border-gray-700 bg-gray-800 px-3 py-2 text-sm text-white placeholder:text-gray-400 focus:outline-none focus:ring-2 focus:ring-primary-500 focus:border-transparent disabled:cursor-not-allowed disabled:opacity-50  "[39m
                [33mid[39m=[32m"_r_c_"[39m
                [33mplaceholder[39m=[32m"e.g. Abbey Road"[39m
                [33mrequired[39m=[32m""[39m
                [33mvalue[39m=[32m"New Album"[39m
              [36m/>[39m
            [36m</div>[39m
            [36m<div[39m
              [33mclass[39m=[32m"grid grid-cols-2 gap-4"[39m
            [36m>[39m
              [36m<div[39m
                [33mclass[39m=[32m"flex flex-col gap-1.5 w-full"[39m
              [36m>[39m
                [36m<label[39m
                  [33mclass[39m=[32m"text-sm font-medium text-gray-300"[39m
                  [33mfor[39m=[32m"_r_d_"[39m
                [36m>[39m
                  [0mcommon.year[0m
                [36m</label>[39m
                [36m<input[39m
                  [33mclass[39m=[32m"flex h-10 w-full rounded-md border border-gray-700 bg-gray-800 px-3 py-2 text-sm text-white placeholder:text-gray-400 focus:outline-none focus:ring-2 focus:ring-primary-500 focus:border-transparent disabled:cursor-not-allowed disabled:opacity-50  "[39m
                  [33mid[39m=[32m"_r_d_"[39m
                  [33mmin[39m=[32m"1900"[39m
                  [33mplaceholder[39m=[32m"1969"[39m
                  [33mrequired[39m=[32m""[39m
                  [33mtype[39m=[32m"number"[39m
                  [33mvalue[39m=[32m"-2022"[39m
                [36m/>[39m
              [36m</div>[39m
              [36m<div[39m
                [33mclass[39m=[32m"flex flex-col gap-1.5 w-full"[39m
              [36m>[39m
                [36m<label[39m
                  [33mclass[39m=[32m"text-sm font-medium text-gray-300"[39m
                  [33mfor[39m=[32m"_r_e_"[39m
                [36m>[39m
                  [0mcommon.price[0m
                [36m</label>[39m
                [36m<input[39m
                  [33mclass[39m=[32m"flex h-10 w-full rounded-md border border-gray-700 bg-gray-800 px-3 py-2 text-sm text-white placeholder:text-gray-400 focus:outline-none focus:ring-2 focus:ring-primary-500 focus:border-transparent disabled:cursor-not-allowed disabled:opacity-50  "[39m
                  [33mid[39m=[32m"_r_e_"[39m
                  [33mmin[39m=[32m"0.00"[39m
                  [33mplaceholder[39m=[32m"0.00"[39m
                  [33mrequired[39m=[32m""[39m
                  [33mstep[39m=[32m"0.01"[39m
                  [33mtype[39m=[32m"number"[39m
                  [33mvalue[39m=[32m"10"[39m
                [36m/>[39m
              [36m</div>[39m
            [36m</div>[39m
            [36m<div[39m
              [33mclass[39m=[32m"flex flex-col gap-1.5 w-full"[39m
            [36m>[39m
              [36m<label[39m
                [33mclass[39m=[32m"text-sm font-medium text-gray-300"[39m
                [33mfor[39m=[32m"_r_f_"[39m
              [36m>[39m
                [0mcommon.genre[0m
              [36m</label>[39m
              [36m<input[39m
                [33mclass[39m=[32m"flex h-10 w-full rounded-md border border-gray-700 bg-gray-800 px-3 py-2 text-sm text-white placeholder:text-gray-400 focus:outline-none focus:ring-2 focus:ring-primary-500 focus:border-transparent disabled:cursor-not-allowed disabled:opacity-50  "[39m
                [33mid[39m=[32m"_r_f_"[39m
                [33mplaceholder[39m=[32m"e.g. Rock"[39m
                [33mrequired[39m=[32m""[39m
                [33mvalue[39m=[32m"Rock"[39m
              [36m/>[39m
            [36m</div>[39m
            [36m<div[39m
              [33mclass[39m=[32m"flex justify-end gap-3 mt-6"[39m
            [36m>[39m
              [36m<button[39m
                [33mclass[39m=[32m"inline-flex items-center justify-center rounded-lg font-medium transition-colors focus:outline-none focus:ring-2 focus:ring-offset-2 disabled:opacity-50 disabled:pointer-events-none bg-transparent text-gray-300 hover:text-white hover:bg-white/10 h-10 px-4 py-2 "[39m
                [33mtype[39m=[32m"button"[39m
              [36m>[39m
                [0mcommon.cancel[0m
              [36m</button>[39m
              [36m<button[39m
                [33mclass[39m=[32m"inline-flex items-center justify-center rounded-lg font-medium transition-colors focus:outline-none focus:ring-2 focus:ring-offset-2 disabled:opacity-50 disabled:pointer-events-none bg-primary-600 text-white hover:bg-primary-700 focus:ring-primary-500 h-10 px-4 py-2 "[39m
                [33mtype[39m=[32m"submit"[39m
              [36m>[39m
                [0mcommon.create[0m
              [36m</button>[39m
            [36m</div>[39m
          [36m</form>[39m
        [36m</div>[39m
      [36m</div>[39m
    [36m</div>[39m
  [36m</body>[39m
[36m</html>[39m
 ❯ src/tests/components/catalog/CreateAlbumModal.test.tsx:94:35
     92|         await waitFor(() => {
     93|             expect(createAlbum).not.toHaveBeenCalled();
     94|             expect(showToastMock).toHaveBeenCalledWith('modals.positiv…
       |                                   ^
     95|         });
     96|     });
 ❯ runWithExpensiveErrorDiagnosticsDisabled node_modules/@testing-library/dom/dist/config.js:47:12
 ❯ checkCallback node_modules/@testing-library/dom/dist/wait-for.js:124:77
 ❯ Timeout.checkRealTimersCallback node_modules/@testing-library/dom/dist/wait-for.js:118:16

⎯⎯⎯⎯⎯⎯⎯⎯⎯⎯⎯⎯⎯⎯⎯⎯⎯⎯⎯⎯⎯⎯⎯⎯[2/2]⎯


 Test Files  2 failed | 16 passed (18)
      Tests  2 failed | 62 passed (64)
   Start at  21:23:09
   Duration  6.84s (transform 1.47s, setup 3.06s, import 7.02s, tests 5.82s, environment 22.56s)

